[2026-07-22 13:42:44] Tag Change: ID '00E2004714BBF06821500A01' -> Floor '11'
[2026-07-22 13:42:44] Tag Change: ID '00E2004714BC306821500E01' -> Floor '11'
[2026-07-22 13:42:46] Tag flapping: suppressed 357 repeated tag-change log lines in the last 60s
[2026-07-22 13:43:44] Tag Change: ID '00E2004714BBF06821500A01' -> Floor '11'
[2026-07-22 13:43:45] Tag Change: ID '00E2004714BC306821500E01' -> Floor '11'
[2026-07-22 13:43:47] Tag flapping: suppressed 259 repeated tag-change log lines in the last 60s
[2026-07-22 13:44:44] Tag Change: ID '00E2004714BBF06821500A01' -> Floor '11'
[2026-07-22 13:44:46] Tag Change: ID '00E2004714BC306821500E01' -> Floor '11'
[2026-07-22 13:44:47] Tag flapping: suppressed 236 repeated tag-change log lines in the last 60s
[2026-07-22 13:45:34] Tag Change: ID '00E2004714B6F068214FBA01' -> Floor '12'
[2026-07-22 13:45:34] Status Updated: Floor '12'
[2026-07-22 13:45:34] Tag Change: ID '00E2004714B8F068214FDA01' -> Floor '12'
[2026-07-22 13:45:35] Tag Change: ID '00E2004714BB706821500201' -> Floor '12'
[2026-07-22 13:45:47] Tag flapping: suppressed 245 repeated tag-change log lines in the last 60s
[2026-07-22 13:46:34] Tag Change: ID '00E2004714B8F068214FDA01' -> Floor '12'
[2026-07-22 13:46:35] Tag Change: ID '00E2004714BB706821500201' -> Floor '12'
[2026-07-22 13:46:47] Tag flapping: suppressed 386 repeated tag-change log lines in the last 60s
[2026-07-22 13:47:35] Tag Change: ID '00E2004714B8F068214FDA01' -> Floor '12'
[2026-07-22 13:47:35] Tag Change: ID '00E2004714BB706821500201' -> Floor '12'
[2026-07-22 13:47:47] Tag flapping: suppressed 336 repeated tag-change log lines in the last 60s
[2026-07-22 13:48:20] --- Smart Elevator Tracker (Secured) --- ID: A
[2026-07-22 13:48:20] Status URL: https://nitzaelev-default-rtdb.europe-west1.firebasedatabase.app/elevators/A.json
[2026-07-22 13:48:20] Logs URL: https://nitzaelev-default-rtdb.europe-west1.firebasedatabase.app/logs/A.json
[2026-07-22 13:48:20] Tag Change: ID '00E2004714B8F068214FDA01' -> Floor '12'
[2026-07-22 13:48:21] Status Updated: Floor '12'
[2026-07-22 13:48:21] Tag Change: ID '00E2004714BB706821500201' -> Floor '12'
[2026-07-22 13:49:21] Tag Change: ID '00E2004714B8F068214FDA01' -> Floor '12'
[2026-07-22 13:49:21] Tag Change: ID '00E2004714BB706821500201' -> Floor '12'
[2026-07-22 13:49:21] Tag flapping: suppressed 355 repeated tag-change log lines in the last 60s
[2026-07-22 13:50:22] Tag Change: ID '00E2004714B8F068214FDA01' -> Floor '12'
[2026-07-22 13:50:22] Tag flapping: suppressed 351 repeated tag-change log lines in the last 60s
[2026-07-22 13:50:22] Tag Change: ID '00E2004714BB706821500201' -> Floor '12'
[2026-07-22 13:51:23] Tag Change: ID '00E2004714B8F068214FDA01' -> Floor '12'
[2026-07-22 13:51:23] Tag flapping: suppressed 362 repeated tag-change log lines in the last 60s
[2026-07-22 13:51:23] Tag Change: ID '00E2004714BB706821500201' -> Floor '12'
[2026-07-22 13:52:23] Tag Change: ID '00E2004714B8F068214FDA01' -> Floor '12'
[2026-07-22 13:52:23] Tag Change: ID '00E2004714BB706821500201' -> Floor '12'
[2026-07-22 13:52:23] Tag flapping: suppressed 372 repeated tag-change log lines in the last 60s
[2026-07-22 13:53:23] Tag Change: ID '00E2004714B8F068214FDA01' -> Floor '12'
[2026-07-22 13:53:23] Tag flapping: suppressed 374 repeated tag-change log lines in the last 60s
[2026-07-22 13:53:23] Tag Change: ID '00E2004714BB706821500201' -> Floor '12'
[2026-07-22 13:54:23] Tag Change: ID '00E2004714B8F068214FDA01' -> Floor '12'
[2026-07-22 13:54:23] Tag Change: ID '00E2004714BB706821500201' -> Floor '12'
[2026-07-22 13:54:24] Tag flapping: suppressed 389 repeated tag-change log lines in the last 60s
[2026-07-22 13:55:23] Tag Change: ID '00E2004714B8F068214FDA01' -> Floor '12'
[2026-07-22 13:55:24] Tag Change: ID '00E2004714BB706821500201' -> Floor '12'
[2026-07-22 13:55:24] Tag flapping: suppressed 369 repeated tag-change log lines in the last 60s
[2026-07-22 13:56:24] Tag Change: ID '00E2004714BB706821500201' -> Floor '12'
[2026-07-22 13:56:24] Tag Change: ID '00E2004714B8F068214FDA01' -> Floor '12'
[2026-07-22 13:56:24] Tag flapping: suppressed 359 repeated tag-change log lines in the last 60s
[2026-07-22 13:57:24] Tag Change: ID '00E2004714BB706821500201' -> Floor '12'
[2026-07-22 13:57:24] Tag flapping: suppressed 384 repeated tag-change log lines in the last 60s
[2026-07-22 13:57:24] Tag Change: ID '00E2004714B8F068214FDA01' -> Floor '12'
[2026-07-22 13:58:24] Tag Change: ID '00E2004714BB706821500201' -> Floor '12'
[2026-07-22 13:58:25] Tag Change: ID '00E2004714B8F068214FDA01' -> Floor '12'
[2026-07-22 13:58:25] Tag flapping: suppressed 378 repeated tag-change log lines in the last 60s
[2026-07-22 13:59:24] Tag Change: ID '00E2004714BB706821500201' -> Floor '12'
[2026-07-22 13:59:25] Tag Change: ID '00E2004714B8F068214FDA01' -> Floor '12'
[2026-07-22 13:59:25] Tag flapping: suppressed 356 repeated tag-change log lines in the last 60s
