2026-07-29 00:06:23 [INFO] shabbat_detector.hebcal_gate: Hebcal refreshed: candles=1785514740.0 havdalah=1785605280.0
2026-07-29 00:06:23 [INFO] shabbat_detector.cycle_analyzer: Elevator idle 1445s - resetting cycle (was in _Phase.LEG_ONE)
2026-07-29 00:11:17 [INFO] shabbat_detector.cycle_analyzer: Cycle complete: 258s, up_stops=['8', '4'], down_stops=['25']
2026-07-29 00:11:17 [INFO] shabbat_detector.fsm: [C] DetectorState.NORMAL → DetectorState.CANDIDATE_SHABBAT
2026-07-29 00:11:17 [INFO] detector: SHABBAT TRANSITION NORMAL -> CANDIDATE_SHABBAT (masked by override=force_off, source=schedule) | סיבה: מחזור אפשרי החל — ממתין להשלמה
2026-07-29 00:11:17 [INFO] shabbat_detector.fsm: [C] DetectorState.CANDIDATE_SHABBAT → DetectorState.NORMAL
2026-07-29 00:11:17 [INFO] detector: SHABBAT TRANSITION CANDIDATE_SHABBAT -> NORMAL (masked by override=force_off, source=schedule) | סיבה: מחזור לא תאם — עצירות לא חוקיות בעלייה: ['4', '8']; עצירות לא חוקיות בירידה: ['25']; קפיצות-אחורה (עלייה 1, ירידה 0); 2 חריגות טיימינג
2026-07-29 05:59:35 [INFO] shabbat_detector.hebcal_gate: Hebcal refreshed: candles=1785514740.0 havdalah=1785605280.0
2026-07-29 05:59:35 [INFO] shabbat_detector.cycle_analyzer: Elevator idle 20955s - resetting cycle (was in _Phase.LEG_ONE)
2026-07-29 06:03:56 [INFO] shabbat_detector.cycle_analyzer: Cycle complete: 145s, up_stops=[], down_stops=['14']
2026-07-29 06:03:56 [INFO] shabbat_detector.fsm: [C] DetectorState.NORMAL → DetectorState.CANDIDATE_SHABBAT
2026-07-29 06:03:56 [INFO] detector: SHABBAT TRANSITION NORMAL -> CANDIDATE_SHABBAT (masked by override=force_off, source=schedule) | סיבה: מחזור אפשרי החל — ממתין להשלמה
2026-07-29 06:03:56 [INFO] shabbat_detector.fsm: [C] DetectorState.CANDIDATE_SHABBAT → DetectorState.NORMAL
2026-07-29 06:03:56 [INFO] detector: SHABBAT TRANSITION CANDIDATE_SHABBAT -> NORMAL (masked by override=force_off, source=schedule) | סיבה: מחזור לא תאם — עצירות לא חוקיות בירידה: ['14']; 1 חריגות טיימינג
2026-07-29 06:17:46 [INFO] shabbat_detector.hebcal_gate: Hebcal refreshed: candles=1785514740.0 havdalah=1785605280.0
2026-07-29 06:17:46 [INFO] shabbat_detector.cycle_analyzer: Elevator idle 945s - resetting cycle (was in _Phase.LEG_ONE)
2026-07-29 06:22:20 [INFO] shabbat_detector.cycle_analyzer: Cycle complete: 218s, up_stops=['11'], down_stops=['15']
2026-07-29 06:22:20 [INFO] shabbat_detector.fsm: [C] DetectorState.NORMAL → DetectorState.CANDIDATE_SHABBAT
2026-07-29 06:22:20 [INFO] detector: SHABBAT TRANSITION NORMAL -> CANDIDATE_SHABBAT (masked by override=force_off, source=schedule) | סיבה: מחזור אפשרי החל — ממתין להשלמה
2026-07-29 06:22:20 [INFO] shabbat_detector.fsm: [C] DetectorState.CANDIDATE_SHABBAT → DetectorState.NORMAL
2026-07-29 06:22:20 [INFO] detector: SHABBAT TRANSITION CANDIDATE_SHABBAT -> NORMAL (masked by override=force_off, source=schedule) | סיבה: מחזור לא תאם — עצירות לא חוקיות בעלייה: ['11']; עצירות לא חוקיות בירידה: ['15']; 2 חריגות טיימינג
2026-07-29 06:34:08 [INFO] shabbat_detector.hebcal_gate: Hebcal refreshed: candles=1785514740.0 havdalah=1785605280.0
2026-07-29 06:34:08 [INFO] shabbat_detector.cycle_analyzer: Elevator idle 744s - resetting cycle (was in _Phase.LEG_ONE)
2026-07-29 06:37:51 [INFO] shabbat_detector.cycle_analyzer: Cycle complete: 158s, up_stops=[], down_stops=['26']
2026-07-29 06:37:51 [INFO] shabbat_detector.fsm: [C] DetectorState.NORMAL → DetectorState.CANDIDATE_SHABBAT
2026-07-29 06:37:51 [INFO] detector: SHABBAT TRANSITION NORMAL -> CANDIDATE_SHABBAT (masked by override=force_off, source=schedule) | סיבה: מחזור אפשרי החל — ממתין להשלמה
2026-07-29 06:37:51 [INFO] shabbat_detector.fsm: [C] DetectorState.CANDIDATE_SHABBAT → DetectorState.NORMAL
2026-07-29 06:37:51 [INFO] detector: SHABBAT TRANSITION CANDIDATE_SHABBAT -> NORMAL (masked by override=force_off, source=schedule) | סיבה: מחזור לא תאם — עצירות לא חוקיות בירידה: ['26']
2026-07-29 06:49:06 [INFO] shabbat_detector.hebcal_gate: Hebcal refreshed: candles=1785514740.0 havdalah=1785605280.0
2026-07-29 06:49:06 [INFO] shabbat_detector.cycle_analyzer: Elevator idle 763s - resetting cycle (was in _Phase.LEG_ONE)
2026-07-29 06:52:16 [INFO] shabbat_detector.cycle_analyzer: Cycle complete: 173s, up_stops=[], down_stops=['22']
2026-07-29 06:52:16 [INFO] shabbat_detector.fsm: [C] DetectorState.NORMAL → DetectorState.CANDIDATE_SHABBAT
2026-07-29 06:52:16 [INFO] detector: SHABBAT TRANSITION NORMAL -> CANDIDATE_SHABBAT (masked by override=force_off, source=schedule) | סיבה: מחזור אפשרי החל — ממתין להשלמה
2026-07-29 06:52:16 [INFO] shabbat_detector.fsm: [C] DetectorState.CANDIDATE_SHABBAT → DetectorState.NORMAL
2026-07-29 06:52:16 [INFO] detector: SHABBAT TRANSITION CANDIDATE_SHABBAT -> NORMAL (masked by override=force_off, source=schedule) | סיבה: מחזור לא תאם — עצירות לא חוקיות בירידה: ['22']
2026-07-29 06:55:58 [INFO] shabbat_detector.cycle_analyzer: Cycle complete: 210s, up_stops=['26'], down_stops=['21']
2026-07-29 06:55:58 [INFO] shabbat_detector.fsm: [C] DetectorState.NORMAL → DetectorState.CANDIDATE_SHABBAT
2026-07-29 06:55:58 [INFO] detector: SHABBAT TRANSITION NORMAL -> CANDIDATE_SHABBAT (masked by override=force_off, source=schedule) | סיבה: מחזור אפשרי החל — ממתין להשלמה
2026-07-29 06:55:58 [INFO] shabbat_detector.fsm: [C] DetectorState.CANDIDATE_SHABBAT → DetectorState.NORMAL
2026-07-29 06:55:58 [INFO] detector: SHABBAT TRANSITION CANDIDATE_SHABBAT -> NORMAL (masked by override=force_off, source=schedule) | סיבה: מחזור לא תאם — עצירות לא חוקיות בעלייה: ['26']; עצירות לא חוקיות בירידה: ['21']; 2 חריגות טיימינג
2026-07-29 07:03:55 [INFO] shabbat_detector.hebcal_gate: Hebcal refreshed: candles=1785514740.0 havdalah=1785605280.0
2026-07-29 07:03:55 [INFO] shabbat_detector.cycle_analyzer: Elevator idle 499s - resetting cycle (was in _Phase.LEG_ONE)
2026-07-29 07:08:27 [WARNING] shabbat_detector.cycle_analyzer: Unexpected: touched opposite terminal again in leg 2
2026-07-29 07:09:33 [INFO] shabbat_detector.cycle_analyzer: Cycle complete: 317s, up_stops=['22'], down_stops=['21']
2026-07-29 07:09:33 [INFO] shabbat_detector.fsm: [C] DetectorState.NORMAL → DetectorState.CANDIDATE_SHABBAT
2026-07-29 07:09:33 [INFO] detector: SHABBAT TRANSITION NORMAL -> CANDIDATE_SHABBAT (masked by override=force_off, source=schedule) | סיבה: מחזור אפשרי החל — ממתין להשלמה
2026-07-29 07:09:33 [INFO] shabbat_detector.fsm: [C] DetectorState.CANDIDATE_SHABBAT → DetectorState.NORMAL
2026-07-29 07:09:33 [INFO] detector: SHABBAT TRANSITION CANDIDATE_SHABBAT -> NORMAL (masked by override=force_off, source=schedule) | סיבה: מחזור לא תאם — עצירות לא חוקיות בעלייה: ['22']; עצירות לא חוקיות בירידה: ['21']; 2 חריגות טיימינג
2026-07-29 07:19:37 [INFO] shabbat_detector.hebcal_gate: Hebcal refreshed: candles=1785514740.0 havdalah=1785605280.0
2026-07-29 07:19:37 [INFO] shabbat_detector.cycle_analyzer: Elevator idle 625s - resetting cycle (was in _Phase.LEG_ONE)
2026-07-29 07:23:06 [INFO] shabbat_detector.cycle_analyzer: Cycle complete: 163s, up_stops=[], down_stops=['14', '11']
2026-07-29 07:23:06 [INFO] shabbat_detector.fsm: [C] DetectorState.NORMAL → DetectorState.CANDIDATE_SHABBAT
2026-07-29 07:23:06 [INFO] detector: SHABBAT TRANSITION NORMAL -> CANDIDATE_SHABBAT (masked by override=force_off, source=schedule) | סיבה: מחזור אפשרי החל — ממתין להשלמה
2026-07-29 07:23:06 [INFO] shabbat_detector.fsm: [C] DetectorState.CANDIDATE_SHABBAT → DetectorState.NORMAL
2026-07-29 07:23:06 [INFO] detector: SHABBAT TRANSITION CANDIDATE_SHABBAT -> NORMAL (masked by override=force_off, source=schedule) | סיבה: מחזור לא תאם — עצירות לא חוקיות בירידה: ['11', '14']; 2 חריגות טיימינג
2026-07-29 07:27:10 [INFO] shabbat_detector.cycle_analyzer: Cycle complete: 204s, up_stops=[], down_stops=['20', '10']
2026-07-29 07:27:10 [INFO] shabbat_detector.fsm: [C] DetectorState.NORMAL → DetectorState.CANDIDATE_SHABBAT
2026-07-29 07:27:10 [INFO] detector: SHABBAT TRANSITION NORMAL -> CANDIDATE_SHABBAT (masked by override=force_off, source=schedule) | סיבה: מחזור אפשרי החל — ממתין להשלמה
2026-07-29 07:27:10 [INFO] shabbat_detector.fsm: [C] DetectorState.CANDIDATE_SHABBAT → DetectorState.NORMAL
2026-07-29 07:27:10 [INFO] detector: SHABBAT TRANSITION CANDIDATE_SHABBAT -> NORMAL (masked by override=force_off, source=schedule) | סיבה: מחזור לא תאם — עצירות לא חוקיות בירידה: ['10', '20']; 2 חריגות טיימינג
2026-07-29 07:29:32 [INFO] shabbat_detector.hebcal_gate: Hebcal refreshed: candles=1785514740.0 havdalah=1785605280.0
2026-07-29 07:31:27 [INFO] shabbat_detector.cycle_analyzer: Cycle complete: 262s, up_stops=[], down_stops=['25']
2026-07-29 07:31:27 [INFO] shabbat_detector.fsm: [C] DetectorState.NORMAL → DetectorState.CANDIDATE_SHABBAT
2026-07-29 07:31:27 [INFO] detector: SHABBAT TRANSITION NORMAL -> CANDIDATE_SHABBAT (masked by override=force_off, source=schedule) | סיבה: מחזור אפשרי החל — ממתין להשלמה
2026-07-29 07:31:27 [INFO] shabbat_detector.fsm: [C] DetectorState.CANDIDATE_SHABBAT → DetectorState.NORMAL
2026-07-29 07:31:27 [INFO] detector: SHABBAT TRANSITION CANDIDATE_SHABBAT -> NORMAL (masked by override=force_off, source=schedule) | סיבה: מחזור לא תאם — עצירות לא חוקיות בירידה: ['25']; 1 חריגות טיימינג
2026-07-29 07:35:27 [INFO] shabbat_detector.cycle_analyzer: Elevator idle 323s - resetting cycle (was in _Phase.LEG_ONE)
2026-07-29 07:42:09 [INFO] shabbat_detector.hebcal_gate: Hebcal refreshed: candles=1785514740.0 havdalah=1785605280.0
2026-07-29 07:42:09 [INFO] shabbat_detector.cycle_analyzer: Elevator idle 356s - resetting cycle (was in _Phase.LEG_TWO)
2026-07-29 07:49:30 [INFO] shabbat_detector.cycle_analyzer: Cycle complete: 382s, up_stops=[], down_stops=['19']
2026-07-29 07:49:30 [INFO] shabbat_detector.fsm: [C] DetectorState.NORMAL → DetectorState.CANDIDATE_SHABBAT
2026-07-29 07:49:30 [INFO] detector: SHABBAT TRANSITION NORMAL -> CANDIDATE_SHABBAT (masked by override=force_off, source=schedule) | סיבה: מחזור אפשרי החל — ממתין להשלמה
2026-07-29 07:49:30 [INFO] shabbat_detector.fsm: [C] DetectorState.CANDIDATE_SHABBAT → DetectorState.NORMAL
2026-07-29 07:49:30 [INFO] detector: SHABBAT TRANSITION CANDIDATE_SHABBAT -> NORMAL (masked by override=force_off, source=schedule) | סיבה: מחזור לא תאם — עצירות לא חוקיות בירידה: ['19']
2026-07-29 07:56:29 [INFO] shabbat_detector.hebcal_gate: Hebcal refreshed: candles=1785514740.0 havdalah=1785605280.0
2026-07-29 07:56:29 [INFO] shabbat_detector.cycle_analyzer: Elevator idle 363s - resetting cycle (was in _Phase.LEG_TWO)
2026-07-29 07:59:28 [INFO] shabbat_detector.cycle_analyzer: Cycle complete: 160s, up_stops=[], down_stops=['21']
2026-07-29 07:59:28 [INFO] shabbat_detector.fsm: [C] DetectorState.NORMAL → DetectorState.CANDIDATE_SHABBAT
2026-07-29 07:59:28 [INFO] detector: SHABBAT TRANSITION NORMAL -> CANDIDATE_SHABBAT (masked by override=force_off, source=schedule) | סיבה: מחזור אפשרי החל — ממתין להשלמה
2026-07-29 07:59:28 [INFO] shabbat_detector.fsm: [C] DetectorState.CANDIDATE_SHABBAT → DetectorState.NORMAL
2026-07-29 07:59:28 [INFO] detector: SHABBAT TRANSITION CANDIDATE_SHABBAT -> NORMAL (masked by override=force_off, source=schedule) | סיבה: מחזור לא תאם — עצירות לא חוקיות בירידה: ['21']; 1 חריגות טיימינג
2026-07-29 08:04:30 [INFO] shabbat_detector.cycle_analyzer: Cycle complete: 192s, up_stops=[], down_stops=['13']
2026-07-29 08:04:30 [INFO] shabbat_detector.fsm: [C] DetectorState.NORMAL → DetectorState.CANDIDATE_SHABBAT
2026-07-29 08:04:30 [INFO] detector: SHABBAT TRANSITION NORMAL -> CANDIDATE_SHABBAT (masked by override=force_off, source=schedule) | סיבה: מחזור אפשרי החל — ממתין להשלמה
2026-07-29 08:04:30 [INFO] shabbat_detector.fsm: [C] DetectorState.CANDIDATE_SHABBAT → DetectorState.NORMAL
2026-07-29 08:04:30 [INFO] detector: SHABBAT TRANSITION CANDIDATE_SHABBAT -> NORMAL (masked by override=force_off, source=schedule) | סיבה: מחזור לא תאם — עצירות לא חוקיות בירידה: ['13']; 1 חריגות טיימינג
2026-07-29 08:13:22 [INFO] shabbat_detector.hebcal_gate: Hebcal refreshed: candles=1785514740.0 havdalah=1785605280.0
2026-07-29 08:13:22 [INFO] shabbat_detector.cycle_analyzer: Elevator idle 679s - resetting cycle (was in _Phase.LEG_ONE)
2026-07-29 08:17:31 [INFO] shabbat_detector.cycle_analyzer: Cycle complete: 162s, up_stops=['7'], down_stops=['25']
2026-07-29 08:17:31 [INFO] shabbat_detector.fsm: [C] DetectorState.NORMAL → DetectorState.CANDIDATE_SHABBAT
2026-07-29 08:17:31 [INFO] detector: SHABBAT TRANSITION NORMAL -> CANDIDATE_SHABBAT (masked by override=force_off, source=schedule) | סיבה: מחזור אפשרי החל — ממתין להשלמה
2026-07-29 08:17:31 [INFO] shabbat_detector.fsm: [C] DetectorState.CANDIDATE_SHABBAT → DetectorState.NORMAL
2026-07-29 08:17:31 [INFO] detector: SHABBAT TRANSITION CANDIDATE_SHABBAT -> NORMAL (masked by override=force_off, source=schedule) | סיבה: מחזור לא תאם — עצירות לא חוקיות בעלייה: ['7']; עצירות לא חוקיות בירידה: ['25']; 2 חריגות טיימינג
2026-07-29 08:21:02 [INFO] shabbat_detector.cycle_analyzer: Cycle complete: 241s, up_stops=[], down_stops=['22']
2026-07-29 08:21:02 [INFO] shabbat_detector.fsm: [C] DetectorState.NORMAL → DetectorState.CANDIDATE_SHABBAT
2026-07-29 08:21:02 [INFO] detector: SHABBAT TRANSITION NORMAL -> CANDIDATE_SHABBAT (masked by override=force_off, source=schedule) | סיבה: מחזור אפשרי החל — ממתין להשלמה
2026-07-29 08:21:02 [INFO] shabbat_detector.fsm: [C] DetectorState.CANDIDATE_SHABBAT → DetectorState.NORMAL
2026-07-29 08:21:02 [INFO] detector: SHABBAT TRANSITION CANDIDATE_SHABBAT -> NORMAL (masked by override=force_off, source=schedule) | סיבה: מחזור לא תאם — עצירות לא חוקיות בירידה: ['22']; 1 חריגות טיימינג
2026-07-29 08:29:22 [INFO] shabbat_detector.hebcal_gate: Hebcal refreshed: candles=1785514740.0 havdalah=1785605280.0
2026-07-29 08:29:22 [INFO] shabbat_detector.cycle_analyzer: Elevator idle 557s - resetting cycle (was in _Phase.LEG_ONE)
2026-07-29 08:34:48 [INFO] shabbat_detector.cycle_analyzer: Cycle complete: 179s, up_stops=[], down_stops=['23', '12']
2026-07-29 08:34:48 [INFO] shabbat_detector.fsm: [C] DetectorState.NORMAL → DetectorState.CANDIDATE_SHABBAT
2026-07-29 08:34:48 [INFO] detector: SHABBAT TRANSITION NORMAL -> CANDIDATE_SHABBAT (masked by override=force_off, source=schedule) | סיבה: מחזור אפשרי החל — ממתין להשלמה
2026-07-29 08:34:48 [INFO] shabbat_detector.fsm: [C] DetectorState.CANDIDATE_SHABBAT → DetectorState.NORMAL
2026-07-29 08:34:48 [INFO] detector: SHABBAT TRANSITION CANDIDATE_SHABBAT -> NORMAL (masked by override=force_off, source=schedule) | סיבה: מחזור לא תאם — עצירות לא חוקיות בירידה: ['12', '23']; 2 חריגות טיימינג
2026-07-29 08:40:20 [INFO] shabbat_detector.cycle_analyzer: Cycle complete: 392s, up_stops=['14', '25'], down_stops=['14']
2026-07-29 08:40:20 [INFO] shabbat_detector.fsm: [C] DetectorState.NORMAL → DetectorState.CANDIDATE_SHABBAT
2026-07-29 08:40:20 [INFO] detector: SHABBAT TRANSITION NORMAL -> CANDIDATE_SHABBAT (masked by override=force_off, source=schedule) | סיבה: מחזור אפשרי החל — ממתין להשלמה
2026-07-29 08:40:20 [INFO] shabbat_detector.fsm: [C] DetectorState.CANDIDATE_SHABBAT → DetectorState.NORMAL
2026-07-29 08:40:20 [INFO] detector: SHABBAT TRANSITION CANDIDATE_SHABBAT -> NORMAL (masked by override=force_off, source=schedule) | סיבה: מחזור לא תאם — עצירות לא חוקיות בעלייה: ['14', '25']; עצירות לא חוקיות בירידה: ['14']; 2 חריגות טיימינג
2026-07-29 08:44:35 [INFO] shabbat_detector.hebcal_gate: Hebcal refreshed: candles=1785514740.0 havdalah=1785605280.0
2026-07-29 08:44:35 [INFO] shabbat_detector.cycle_analyzer: Elevator idle 341s - resetting cycle (was in _Phase.LEG_ONE)
2026-07-29 08:48:48 [INFO] shabbat_detector.cycle_analyzer: Cycle complete: 226s, up_stops=['23'], down_stops=['15', '10']
2026-07-29 08:48:48 [INFO] shabbat_detector.fsm: [C] DetectorState.NORMAL → DetectorState.CANDIDATE_SHABBAT
2026-07-29 08:48:48 [INFO] detector: SHABBAT TRANSITION NORMAL -> CANDIDATE_SHABBAT (masked by override=force_off, source=schedule) | סיבה: מחזור אפשרי החל — ממתין להשלמה
2026-07-29 08:48:48 [INFO] shabbat_detector.fsm: [C] DetectorState.CANDIDATE_SHABBAT → DetectorState.NORMAL
2026-07-29 08:48:48 [INFO] detector: SHABBAT TRANSITION CANDIDATE_SHABBAT -> NORMAL (masked by override=force_off, source=schedule) | סיבה: מחזור לא תאם — עצירות לא חוקיות בעלייה: ['23']; עצירות לא חוקיות בירידה: ['10', '15']; 3 חריגות טיימינג
2026-07-29 08:55:30 [INFO] shabbat_detector.hebcal_gate: Hebcal refreshed: candles=1785514740.0 havdalah=1785605280.0
2026-07-29 08:56:55 [INFO] shabbat_detector.cycle_analyzer: Cycle complete: 458s, up_stops=[], down_stops=['23']
2026-07-29 08:56:55 [INFO] shabbat_detector.fsm: [C] DetectorState.NORMAL → DetectorState.CANDIDATE_SHABBAT
2026-07-29 08:56:55 [INFO] detector: SHABBAT TRANSITION NORMAL -> CANDIDATE_SHABBAT (masked by override=force_off, source=schedule) | סיבה: מחזור אפשרי החל — ממתין להשלמה
2026-07-29 08:56:55 [INFO] shabbat_detector.fsm: [C] DetectorState.CANDIDATE_SHABBAT → DetectorState.NORMAL
2026-07-29 08:56:55 [INFO] detector: SHABBAT TRANSITION CANDIDATE_SHABBAT -> NORMAL (masked by override=force_off, source=schedule) | סיבה: מחזור לא תאם — עצירות לא חוקיות בירידה: ['23']; 1 חריגות טיימינג
2026-07-29 09:09:11 [INFO] shabbat_detector.hebcal_gate: Hebcal refreshed: candles=1785514740.0 havdalah=1785605280.0
2026-07-29 09:09:11 [INFO] shabbat_detector.cycle_analyzer: Elevator idle 788s - resetting cycle (was in _Phase.LEG_ONE)
2026-07-29 09:12:56 [INFO] shabbat_detector.cycle_analyzer: Cycle complete: 179s, up_stops=[], down_stops=['22', '14']
2026-07-29 09:12:56 [INFO] shabbat_detector.fsm: [C] DetectorState.NORMAL → DetectorState.CANDIDATE_SHABBAT
2026-07-29 09:12:56 [INFO] detector: SHABBAT TRANSITION NORMAL -> CANDIDATE_SHABBAT (masked by override=force_off, source=schedule) | סיבה: מחזור אפשרי החל — ממתין להשלמה
2026-07-29 09:12:56 [INFO] shabbat_detector.fsm: [C] DetectorState.CANDIDATE_SHABBAT → DetectorState.NORMAL
2026-07-29 09:12:56 [INFO] detector: SHABBAT TRANSITION CANDIDATE_SHABBAT -> NORMAL (masked by override=force_off, source=schedule) | סיבה: מחזור לא תאם — עצירות לא חוקיות בירידה: ['14', '22']; 2 חריגות טיימינג
2026-07-29 09:17:34 [WARNING] shabbat_detector.cycle_analyzer: Unexpected: touched opposite terminal again in leg 2
2026-07-29 09:19:12 [INFO] shabbat_detector.cycle_analyzer: Cycle complete: 417s, up_stops=['14', '4', '10'], down_stops=['25']
2026-07-29 09:19:12 [INFO] shabbat_detector.fsm: [C] DetectorState.NORMAL → DetectorState.CANDIDATE_SHABBAT
2026-07-29 09:19:12 [INFO] detector: SHABBAT TRANSITION NORMAL -> CANDIDATE_SHABBAT (masked by override=force_off, source=schedule) | סיבה: מחזור אפשרי החל — ממתין להשלמה
2026-07-29 09:19:12 [INFO] shabbat_detector.fsm: [C] DetectorState.CANDIDATE_SHABBAT → DetectorState.NORMAL
2026-07-29 09:19:12 [INFO] detector: SHABBAT TRANSITION CANDIDATE_SHABBAT -> NORMAL (masked by override=force_off, source=schedule) | סיבה: מחזור לא תאם — עצירות לא חוקיות בעלייה: ['10', '14', '4']; עצירות לא חוקיות בירידה: ['25']; קפיצות-אחורה (עלייה 1, ירידה 0); 4 חריגות טיימינג
2026-07-29 09:19:15 [INFO] shabbat_detector.hebcal_gate: Hebcal refreshed: candles=1785514740.0 havdalah=1785605280.0
2026-07-29 09:25:04 [INFO] shabbat_detector.cycle_analyzer: Cycle complete: 282s, up_stops=[], down_stops=['16']
2026-07-29 09:25:04 [INFO] shabbat_detector.fsm: [C] DetectorState.NORMAL → DetectorState.CANDIDATE_SHABBAT
2026-07-29 09:25:04 [INFO] detector: SHABBAT TRANSITION NORMAL -> CANDIDATE_SHABBAT (masked by override=force_off, source=schedule) | סיבה: מחזור אפשרי החל — ממתין להשלמה
2026-07-29 09:25:04 [INFO] shabbat_detector.fsm: [C] DetectorState.CANDIDATE_SHABBAT → DetectorState.NORMAL
2026-07-29 09:25:04 [INFO] detector: SHABBAT TRANSITION CANDIDATE_SHABBAT -> NORMAL (masked by override=force_off, source=schedule) | סיבה: מחזור לא תאם — עצירות לא חוקיות בירידה: ['16']; 1 חריגות טיימינג
2026-07-29 09:30:09 [INFO] shabbat_detector.hebcal_gate: Hebcal refreshed: candles=1785514740.0 havdalah=1785605280.0
2026-07-29 09:32:47 [WARNING] shabbat_detector.cycle_analyzer: Unexpected: touched opposite terminal again in leg 2
2026-07-29 09:36:34 [WARNING] shabbat_detector.cycle_analyzer: Unexpected: touched opposite terminal again in leg 2
2026-07-29 09:39:48 [INFO] shabbat_detector.hebcal_gate: Hebcal refreshed: candles=1785514740.0 havdalah=1785605280.0
2026-07-29 09:43:02 [WARNING] shabbat_detector.cycle_analyzer: Unexpected: touched opposite terminal again in leg 2
2026-07-29 09:48:44 [WARNING] shabbat_detector.cycle_analyzer: Unexpected: touched opposite terminal again in leg 2
2026-07-29 09:49:50 [INFO] shabbat_detector.cycle_analyzer: Cycle complete: 1539s, up_stops=['25', '24', '23', '22', '21', '10', '20', '19', '18', '14', '15', '14', '10', '14', '13', '12', '11', '10', '9', '14', '9', '8', '7', '6', '5', '4', '3', '2', '1'], down_stops=['11']
2026-07-29 09:49:50 [INFO] shabbat_detector.fsm: [C] DetectorState.NORMAL → DetectorState.CANDIDATE_SHABBAT
2026-07-29 09:49:50 [INFO] detector: SHABBAT TRANSITION NORMAL -> CANDIDATE_SHABBAT (masked by override=force_off, source=schedule) | סיבה: מחזור אפשרי החל — ממתין להשלמה
2026-07-29 09:49:50 [INFO] shabbat_detector.fsm: [C] DetectorState.CANDIDATE_SHABBAT → DetectorState.NORMAL
2026-07-29 09:49:50 [INFO] detector: SHABBAT TRANSITION CANDIDATE_SHABBAT -> NORMAL (masked by override=force_off, source=schedule) | סיבה: מחזור לא תאם — עצירות לא חוקיות בעלייה: ['1', '10', '11', '12', '13', '14', '15', '18', '19', '2', '20', '21', '22', '23', '24', '25', '3', '4', '5', '6', '7', '8', '9']; עצירות לא חוקיות בירידה: ['11']; קפיצות-אחורה (עלייה 24, ירידה 0); חזרות על קומות (עלייה 6, ירידה 0); 16 חריגות טיימינג
2026-07-29 09:53:27 [INFO] shabbat_detector.hebcal_gate: Hebcal refreshed: candles=1785514740.0 havdalah=1785605280.0
2026-07-29 09:56:34 [INFO] shabbat_detector.cycle_analyzer: Cycle complete: 408s, up_stops=['20'], down_stops=['20']
2026-07-29 09:56:34 [INFO] shabbat_detector.fsm: [C] DetectorState.NORMAL → DetectorState.CANDIDATE_SHABBAT
2026-07-29 09:56:34 [INFO] detector: SHABBAT TRANSITION NORMAL -> CANDIDATE_SHABBAT (masked by override=force_off, source=schedule) | סיבה: מחזור אפשרי החל — ממתין להשלמה
2026-07-29 09:56:34 [INFO] shabbat_detector.fsm: [C] DetectorState.CANDIDATE_SHABBAT → DetectorState.NORMAL
2026-07-29 09:56:34 [INFO] detector: SHABBAT TRANSITION CANDIDATE_SHABBAT -> NORMAL (masked by override=force_off, source=schedule) | סיבה: מחזור לא תאם — עצירות לא חוקיות בעלייה: ['20']; עצירות לא חוקיות בירידה: ['20']; 1 חריגות טיימינג
2026-07-29 10:00:03 [INFO] shabbat_detector.cycle_analyzer: Cycle complete: 175s, up_stops=[], down_stops=['20']
2026-07-29 10:00:03 [INFO] shabbat_detector.fsm: [C] DetectorState.NORMAL → DetectorState.CANDIDATE_SHABBAT
2026-07-29 10:00:03 [INFO] detector: SHABBAT TRANSITION NORMAL -> CANDIDATE_SHABBAT (masked by override=force_off, source=schedule) | סיבה: מחזור אפשרי החל — ממתין להשלמה
2026-07-29 10:00:03 [INFO] shabbat_detector.fsm: [C] DetectorState.CANDIDATE_SHABBAT → DetectorState.NORMAL
2026-07-29 10:00:03 [INFO] detector: SHABBAT TRANSITION CANDIDATE_SHABBAT -> NORMAL (masked by override=force_off, source=schedule) | סיבה: מחזור לא תאם — עצירות לא חוקיות בירידה: ['20']; 1 חריגות טיימינג
2026-07-29 10:06:52 [INFO] shabbat_detector.hebcal_gate: Hebcal refreshed: candles=1785514740.0 havdalah=1785605280.0
2026-07-29 10:06:52 [INFO] shabbat_detector.cycle_analyzer: Elevator idle 466s - resetting cycle (was in _Phase.LEG_ONE)
2026-07-29 10:10:35 [INFO] shabbat_detector.cycle_analyzer: Cycle complete: 196s, up_stops=[], down_stops=['16']
2026-07-29 10:10:35 [INFO] shabbat_detector.fsm: [C] DetectorState.NORMAL → DetectorState.CANDIDATE_SHABBAT
2026-07-29 10:10:35 [INFO] detector: SHABBAT TRANSITION NORMAL -> CANDIDATE_SHABBAT (masked by override=force_off, source=schedule) | סיבה: מחזור אפשרי החל — ממתין להשלמה
2026-07-29 10:10:35 [INFO] shabbat_detector.fsm: [C] DetectorState.CANDIDATE_SHABBAT → DetectorState.NORMAL
2026-07-29 10:10:35 [INFO] detector: SHABBAT TRANSITION CANDIDATE_SHABBAT -> NORMAL (masked by override=force_off, source=schedule) | סיבה: מחזור לא תאם — עצירות לא חוקיות בירידה: ['16']; 1 חריגות טיימינג
2026-07-29 10:16:43 [INFO] shabbat_detector.cycle_analyzer: Cycle complete: 345s, up_stops=[], down_stops=['26', '16']
2026-07-29 10:16:43 [INFO] shabbat_detector.fsm: [C] DetectorState.NORMAL → DetectorState.CANDIDATE_SHABBAT
2026-07-29 10:16:43 [INFO] detector: SHABBAT TRANSITION NORMAL -> CANDIDATE_SHABBAT (masked by override=force_off, source=schedule) | סיבה: מחזור אפשרי החל — ממתין להשלמה
2026-07-29 10:16:43 [INFO] shabbat_detector.fsm: [C] DetectorState.CANDIDATE_SHABBAT → DetectorState.NORMAL
2026-07-29 10:16:43 [INFO] detector: SHABBAT TRANSITION CANDIDATE_SHABBAT -> NORMAL (masked by override=force_off, source=schedule) | סיבה: מחזור לא תאם — עצירות לא חוקיות בירידה: ['16', '26']; 1 חריגות טיימינג
2026-07-29 10:17:21 [INFO] shabbat_detector.hebcal_gate: Hebcal refreshed: candles=1785514740.0 havdalah=1785605280.0
2026-07-29 10:22:19 [WARNING] shabbat_detector.cycle_analyzer: Unexpected: touched opposite terminal again in leg 2
2026-07-29 10:28:39 [INFO] shabbat_detector.cycle_analyzer: Cycle complete: 648s, up_stops=['1', '6', '14', '24', '23'], down_stops=['21', '25']
2026-07-29 10:28:39 [INFO] shabbat_detector.fsm: [C] DetectorState.NORMAL → DetectorState.CANDIDATE_SHABBAT
2026-07-29 10:28:39 [INFO] detector: SHABBAT TRANSITION NORMAL -> CANDIDATE_SHABBAT (masked by override=force_off, source=schedule) | סיבה: מחזור אפשרי החל — ממתין להשלמה
2026-07-29 10:28:39 [INFO] shabbat_detector.fsm: [C] DetectorState.CANDIDATE_SHABBAT → DetectorState.NORMAL
2026-07-29 10:28:39 [INFO] detector: SHABBAT TRANSITION CANDIDATE_SHABBAT -> NORMAL (masked by override=force_off, source=schedule) | סיבה: מחזור לא תאם — עצירות לא חוקיות בעלייה: ['1', '14', '23', '24', '6']; עצירות לא חוקיות בירידה: ['21', '25']; קפיצות-אחורה (עלייה 1, ירידה 1); 6 חריגות טיימינג
2026-07-29 10:30:28 [INFO] shabbat_detector.hebcal_gate: Hebcal refreshed: candles=1785514740.0 havdalah=1785605280.0
2026-07-29 10:34:13 [WARNING] shabbat_detector.cycle_analyzer: Unexpected: touched opposite terminal again in leg 2
2026-07-29 10:34:46 [WARNING] shabbat_detector.cycle_analyzer: Unexpected: touched opposite terminal again in leg 2
2026-07-29 10:37:04 [INFO] shabbat_detector.cycle_analyzer: Cycle complete: 566s, up_stops=['25', '1'], down_stops=[]
2026-07-29 10:37:04 [INFO] shabbat_detector.fsm: [C] DetectorState.NORMAL → DetectorState.CANDIDATE_SHABBAT
2026-07-29 10:37:04 [INFO] detector: SHABBAT TRANSITION NORMAL -> CANDIDATE_SHABBAT (masked by override=force_off, source=schedule) | סיבה: מחזור אפשרי החל — ממתין להשלמה
2026-07-29 10:37:04 [INFO] shabbat_detector.fsm: [C] DetectorState.CANDIDATE_SHABBAT → DetectorState.NORMAL
2026-07-29 10:37:04 [INFO] detector: SHABBAT TRANSITION CANDIDATE_SHABBAT -> NORMAL (masked by override=force_off, source=schedule) | סיבה: מחזור לא תאם — עצירות לא חוקיות בעלייה: ['1', '25']; קפיצות-אחורה (עלייה 1, ירידה 0); 1 חריגות טיימינג
2026-07-29 10:44:50 [INFO] shabbat_detector.hebcal_gate: Hebcal refreshed: candles=1785514740.0 havdalah=1785605280.0
2026-07-29 10:44:50 [INFO] shabbat_detector.cycle_analyzer: Elevator idle 511s - resetting cycle (was in _Phase.LEG_ONE)
2026-07-29 10:47:49 [WARNING] shabbat_detector.cycle_analyzer: Unexpected: touched opposite terminal again in leg 2
2026-07-29 10:50:01 [INFO] shabbat_detector.cycle_analyzer: Cycle complete: 265s, up_stops=['9'], down_stops=['5']
2026-07-29 10:50:01 [INFO] shabbat_detector.fsm: [C] DetectorState.NORMAL → DetectorState.CANDIDATE_SHABBAT
2026-07-29 10:50:01 [INFO] detector: SHABBAT TRANSITION NORMAL -> CANDIDATE_SHABBAT (masked by override=force_off, source=schedule) | סיבה: מחזור אפשרי החל — ממתין להשלמה
2026-07-29 10:50:01 [INFO] shabbat_detector.fsm: [C] DetectorState.CANDIDATE_SHABBAT → DetectorState.NORMAL
2026-07-29 10:50:01 [INFO] detector: SHABBAT TRANSITION CANDIDATE_SHABBAT -> NORMAL (masked by override=force_off, source=schedule) | סיבה: מחזור לא תאם — עצירות לא חוקיות בעלייה: ['9']; עצירות לא חוקיות בירידה: ['5']; 1 חריגות טיימינג
2026-07-29 10:56:08 [INFO] shabbat_detector.cycle_analyzer: Cycle complete: 308s, up_stops=[], down_stops=['20']
2026-07-29 10:56:08 [INFO] shabbat_detector.fsm: [C] DetectorState.NORMAL → DetectorState.CANDIDATE_SHABBAT
2026-07-29 10:56:08 [INFO] detector: SHABBAT TRANSITION NORMAL -> CANDIDATE_SHABBAT (masked by override=force_off, source=schedule) | סיבה: מחזור אפשרי החל — ממתין להשלמה
2026-07-29 10:56:08 [INFO] shabbat_detector.fsm: [C] DetectorState.CANDIDATE_SHABBAT → DetectorState.NORMAL
2026-07-29 10:56:08 [INFO] detector: SHABBAT TRANSITION CANDIDATE_SHABBAT -> NORMAL (masked by override=force_off, source=schedule) | סיבה: מחזור לא תאם — עצירות לא חוקיות בירידה: ['20']; 1 חריגות טיימינג
2026-07-29 10:56:50 [INFO] shabbat_detector.hebcal_gate: Hebcal refreshed: candles=1785514740.0 havdalah=1785605280.0
2026-07-29 11:00:06 [WARNING] shabbat_detector.cycle_analyzer: Unexpected: touched opposite terminal again in leg 2
2026-07-29 11:01:25 [WARNING] shabbat_detector.cycle_analyzer: Unexpected: touched opposite terminal again in leg 2
2026-07-29 11:03:25 [WARNING] shabbat_detector.cycle_analyzer: Unexpected: touched opposite terminal again in leg 2
2026-07-29 11:08:05 [INFO] shabbat_detector.hebcal_gate: Hebcal refreshed: candles=1785514740.0 havdalah=1785605280.0
2026-07-29 11:18:31 [INFO] shabbat_detector.hebcal_gate: Hebcal refreshed: candles=1785514740.0 havdalah=1785605280.0
2026-07-29 11:19:39 [WARNING] shabbat_detector.cycle_analyzer: Unexpected: touched opposite terminal again in leg 2
2026-07-29 11:20:41 [INFO] shabbat_detector.cycle_analyzer: Cycle complete: 1568s, up_stops=['20', '9', '16', '6', '25', '24', '23', '22', '14', '22', '21', '20', '19', '18', '17', '16', '15', '9'], down_stops=[]
2026-07-29 11:20:41 [INFO] shabbat_detector.fsm: [C] DetectorState.NORMAL → DetectorState.CANDIDATE_SHABBAT
2026-07-29 11:20:41 [INFO] detector: SHABBAT TRANSITION NORMAL -> CANDIDATE_SHABBAT (masked by override=force_off, source=schedule) | סיבה: מחזור אפשרי החל — ממתין להשלמה
2026-07-29 11:20:41 [INFO] shabbat_detector.fsm: [C] DetectorState.CANDIDATE_SHABBAT → DetectorState.NORMAL
2026-07-29 11:20:41 [INFO] detector: SHABBAT TRANSITION CANDIDATE_SHABBAT -> NORMAL (masked by override=force_off, source=schedule) | סיבה: מחזור לא תאם — עצירות לא חוקיות בעלייה: ['14', '15', '16', '17', '18', '19', '20', '21', '22', '23', '24', '25', '6', '9']; קפיצות-אחורה (עלייה 14, ירידה 0); חזרות על קומות (עלייה 4, ירידה 0); 14 חריגות טיימינג
2026-07-29 11:24:06 [INFO] shabbat_detector.cycle_analyzer: Cycle aborted: returned to TOP without reaching BOTTOM
2026-07-29 11:24:06 [INFO] shabbat_detector.fsm: [C] DetectorState.NORMAL → DetectorState.CANDIDATE_SHABBAT
2026-07-29 11:24:06 [INFO] detector: SHABBAT TRANSITION NORMAL -> CANDIDATE_SHABBAT (masked by override=force_off, source=schedule) | סיבה: מחזור אפשרי החל — ממתין להשלמה
2026-07-29 11:27:57 [INFO] shabbat_detector.hebcal_gate: Hebcal refreshed: candles=1785514740.0 havdalah=1785605280.0
2026-07-29 11:30:54 [INFO] shabbat_detector.cycle_analyzer: Cycle complete: 482s, up_stops=[], down_stops=['12', '11', '25', '22']
2026-07-29 11:30:54 [INFO] shabbat_detector.fsm: [C] DetectorState.CANDIDATE_SHABBAT → DetectorState.NORMAL
2026-07-29 11:30:54 [INFO] detector: SHABBAT TRANSITION CANDIDATE_SHABBAT -> NORMAL (masked by override=force_off, source=schedule) | סיבה: מחזור לא תאם — עצירות לא חוקיות בירידה: ['11', '12', '22', '25']; קפיצות-אחורה (עלייה 0, ירידה 1); 4 חריגות טיימינג
2026-07-29 11:38:32 [INFO] shabbat_detector.hebcal_gate: Hebcal refreshed: candles=1785514740.0 havdalah=1785605280.0
2026-07-29 11:39:51 [INFO] shabbat_detector.cycle_analyzer: Cycle aborted: returned to TOP without reaching BOTTOM
2026-07-29 11:39:51 [INFO] shabbat_detector.fsm: [C] DetectorState.NORMAL → DetectorState.CANDIDATE_SHABBAT
2026-07-29 11:39:51 [INFO] detector: SHABBAT TRANSITION NORMAL -> CANDIDATE_SHABBAT (masked by override=force_off, source=schedule) | סיבה: מחזור אפשרי החל — ממתין להשלמה
2026-07-29 11:47:42 [INFO] shabbat_detector.cycle_analyzer: Cycle complete: 459s, up_stops=['18'], down_stops=['2', '1']
2026-07-29 11:47:42 [INFO] shabbat_detector.fsm: [C] DetectorState.CANDIDATE_SHABBAT → DetectorState.NORMAL
2026-07-29 11:47:42 [INFO] detector: SHABBAT TRANSITION CANDIDATE_SHABBAT -> NORMAL (masked by override=force_off, source=schedule) | סיבה: מחזור לא תאם — עצירות לא חוקיות בעלייה: ['18']; עצירות לא חוקיות בירידה: ['1', '2']; 3 חריגות טיימינג
2026-07-29 11:48:30 [INFO] shabbat_detector.hebcal_gate: Hebcal refreshed: candles=1785514740.0 havdalah=1785605280.0
2026-07-29 11:50:57 [INFO] shabbat_detector.cycle_analyzer: Cycle complete: 238s, up_stops=[], down_stops=['9']
2026-07-29 11:50:57 [INFO] shabbat_detector.fsm: [C] DetectorState.NORMAL → DetectorState.CANDIDATE_SHABBAT
2026-07-29 11:50:57 [INFO] detector: SHABBAT TRANSITION NORMAL -> CANDIDATE_SHABBAT (masked by override=force_off, source=schedule) | סיבה: מחזור אפשרי החל — ממתין להשלמה
2026-07-29 11:50:57 [INFO] shabbat_detector.fsm: [C] DetectorState.CANDIDATE_SHABBAT → DetectorState.NORMAL
2026-07-29 11:50:57 [INFO] detector: SHABBAT TRANSITION CANDIDATE_SHABBAT -> NORMAL (masked by override=force_off, source=schedule) | סיבה: מחזור לא תאם — עצירות לא חוקיות בירידה: ['9']; 1 חריגות טיימינג
2026-07-29 11:57:39 [WARNING] shabbat_detector.cycle_analyzer: Unexpected: touched opposite terminal again in leg 2
2026-07-29 11:59:12 [INFO] shabbat_detector.hebcal_gate: Hebcal refreshed: candles=1785514740.0 havdalah=1785605280.0
2026-07-29 12:00:23 [INFO] shabbat_detector.cycle_analyzer: Cycle complete: 536s, up_stops=['14', '11', '16'], down_stops=['17', '16', '15']
2026-07-29 12:00:23 [INFO] shabbat_detector.fsm: [C] DetectorState.NORMAL → DetectorState.CANDIDATE_SHABBAT
2026-07-29 12:00:23 [INFO] detector: SHABBAT TRANSITION NORMAL -> CANDIDATE_SHABBAT (masked by override=force_off, source=schedule) | סיבה: מחזור אפשרי החל — ממתין להשלמה
2026-07-29 12:00:23 [INFO] shabbat_detector.fsm: [C] DetectorState.CANDIDATE_SHABBAT → DetectorState.NORMAL
2026-07-29 12:00:23 [INFO] detector: SHABBAT TRANSITION CANDIDATE_SHABBAT -> NORMAL (masked by override=force_off, source=schedule) | סיבה: מחזור לא תאם — עצירות לא חוקיות בעלייה: ['11', '14', '16']; עצירות לא חוקיות בירידה: ['15', '16', '17']; קפיצות-אחורה (עלייה 1, ירידה 0); 5 חריגות טיימינג
2026-07-29 12:07:57 [INFO] shabbat_detector.cycle_analyzer: Cycle complete: 454s, up_stops=['24'], down_stops=['1']
2026-07-29 12:07:57 [INFO] shabbat_detector.fsm: [C] DetectorState.NORMAL → DetectorState.CANDIDATE_SHABBAT
2026-07-29 12:07:57 [INFO] detector: SHABBAT TRANSITION NORMAL -> CANDIDATE_SHABBAT (masked by override=force_off, source=schedule) | סיבה: מחזור אפשרי החל — ממתין להשלמה
2026-07-29 12:07:57 [INFO] shabbat_detector.fsm: [C] DetectorState.CANDIDATE_SHABBAT → DetectorState.NORMAL
2026-07-29 12:07:57 [INFO] detector: SHABBAT TRANSITION CANDIDATE_SHABBAT -> NORMAL (masked by override=force_off, source=schedule) | סיבה: מחזור לא תאם — עצירות לא חוקיות בעלייה: ['24']; עצירות לא חוקיות בירידה: ['1']; 2 חריגות טיימינג
2026-07-29 12:09:23 [INFO] shabbat_detector.hebcal_gate: Hebcal refreshed: candles=1785514740.0 havdalah=1785605280.0
2026-07-29 12:15:24 [INFO] shabbat_detector.cycle_analyzer: Cycle complete: 417s, up_stops=['7'], down_stops=['19', '13', '11']
2026-07-29 12:15:24 [INFO] shabbat_detector.fsm: [C] DetectorState.NORMAL → DetectorState.CANDIDATE_SHABBAT
2026-07-29 12:15:24 [INFO] detector: SHABBAT TRANSITION NORMAL -> CANDIDATE_SHABBAT (masked by override=force_off, source=schedule) | סיבה: מחזור אפשרי החל — ממתין להשלמה
2026-07-29 12:15:24 [INFO] shabbat_detector.fsm: [C] DetectorState.CANDIDATE_SHABBAT → DetectorState.NORMAL
2026-07-29 12:15:24 [INFO] detector: SHABBAT TRANSITION CANDIDATE_SHABBAT -> NORMAL (masked by override=force_off, source=schedule) | סיבה: מחזור לא תאם — עצירות לא חוקיות בעלייה: ['7']; עצירות לא חוקיות בירידה: ['11', '13', '19']; 4 חריגות טיימינג
2026-07-29 12:24:26 [INFO] shabbat_detector.hebcal_gate: Hebcal refreshed: candles=1785514740.0 havdalah=1785605280.0
2026-07-29 12:24:26 [INFO] shabbat_detector.cycle_analyzer: Elevator idle 627s - resetting cycle (was in _Phase.LEG_ONE)
2026-07-29 12:28:15 [INFO] shabbat_detector.cycle_analyzer: Cycle complete: 204s, up_stops=[], down_stops=['1']
2026-07-29 12:28:15 [INFO] shabbat_detector.fsm: [C] DetectorState.NORMAL → DetectorState.CANDIDATE_SHABBAT
2026-07-29 12:28:15 [INFO] detector: SHABBAT TRANSITION NORMAL -> CANDIDATE_SHABBAT (masked by override=force_off, source=schedule) | סיבה: מחזור אפשרי החל — ממתין להשלמה
2026-07-29 12:28:15 [INFO] shabbat_detector.fsm: [C] DetectorState.CANDIDATE_SHABBAT → DetectorState.NORMAL
2026-07-29 12:28:15 [INFO] detector: SHABBAT TRANSITION CANDIDATE_SHABBAT -> NORMAL (masked by override=force_off, source=schedule) | סיבה: מחזור לא תאם — עצירות לא חוקיות בירידה: ['1']; 1 חריגות טיימינג
2026-07-29 12:32:57 [INFO] shabbat_detector.cycle_analyzer: Elevator idle 311s - resetting cycle (was in _Phase.LEG_ONE)
2026-07-29 12:35:23 [INFO] shabbat_detector.hebcal_gate: Hebcal refreshed: candles=1785514740.0 havdalah=1785605280.0
2026-07-29 12:37:12 [INFO] shabbat_detector.cycle_analyzer: Cycle complete: 166s, up_stops=[], down_stops=['16']
2026-07-29 12:37:12 [INFO] shabbat_detector.fsm: [C] DetectorState.NORMAL → DetectorState.CANDIDATE_SHABBAT
2026-07-29 12:37:12 [INFO] detector: SHABBAT TRANSITION NORMAL -> CANDIDATE_SHABBAT (masked by override=force_off, source=schedule) | סיבה: מחזור אפשרי החל — ממתין להשלמה
2026-07-29 12:37:12 [INFO] shabbat_detector.fsm: [C] DetectorState.CANDIDATE_SHABBAT → DetectorState.NORMAL
2026-07-29 12:37:12 [INFO] detector: SHABBAT TRANSITION CANDIDATE_SHABBAT -> NORMAL (masked by override=force_off, source=schedule) | סיבה: מחזור לא תאם — עצירות לא חוקיות בירידה: ['16']
2026-07-29 12:48:15 [INFO] shabbat_detector.hebcal_gate: Hebcal refreshed: candles=1785514740.0 havdalah=1785605280.0
2026-07-29 12:48:15 [INFO] shabbat_detector.cycle_analyzer: Elevator idle 749s - resetting cycle (was in _Phase.LEG_ONE)
2026-07-29 12:52:14 [INFO] shabbat_detector.cycle_analyzer: Cycle complete: 213s, up_stops=['25'], down_stops=['25']
2026-07-29 12:52:14 [INFO] shabbat_detector.fsm: [C] DetectorState.NORMAL → DetectorState.CANDIDATE_SHABBAT
2026-07-29 12:52:14 [INFO] detector: SHABBAT TRANSITION NORMAL -> CANDIDATE_SHABBAT (masked by override=force_off, source=schedule) | סיבה: מחזור אפשרי החל — ממתין להשלמה
2026-07-29 12:52:14 [INFO] shabbat_detector.fsm: [C] DetectorState.CANDIDATE_SHABBAT → DetectorState.NORMAL
2026-07-29 12:52:14 [INFO] detector: SHABBAT TRANSITION CANDIDATE_SHABBAT -> NORMAL (masked by override=force_off, source=schedule) | סיבה: מחזור לא תאם — עצירות לא חוקיות בעלייה: ['25']; עצירות לא חוקיות בירידה: ['25']; 1 חריגות טיימינג
2026-07-29 12:57:45 [INFO] shabbat_detector.cycle_analyzer: Cycle complete: 352s, up_stops=[], down_stops=['17', '16', '9']
2026-07-29 12:57:45 [INFO] shabbat_detector.fsm: [C] DetectorState.NORMAL → DetectorState.CANDIDATE_SHABBAT
2026-07-29 12:57:45 [INFO] detector: SHABBAT TRANSITION NORMAL -> CANDIDATE_SHABBAT (masked by override=force_off, source=schedule) | סיבה: מחזור אפשרי החל — ממתין להשלמה
2026-07-29 12:57:45 [INFO] shabbat_detector.fsm: [C] DetectorState.CANDIDATE_SHABBAT → DetectorState.NORMAL
2026-07-29 12:57:45 [INFO] detector: SHABBAT TRANSITION CANDIDATE_SHABBAT -> NORMAL (masked by override=force_off, source=schedule) | סיבה: מחזור לא תאם — עצירות לא חוקיות בירידה: ['16', '17', '9']; 3 חריגות טיימינג
2026-07-29 12:58:36 [INFO] shabbat_detector.hebcal_gate: Hebcal refreshed: candles=1785514740.0 havdalah=1785605280.0
2026-07-29 13:01:29 [INFO] shabbat_detector.cycle_analyzer: Cycle complete: 203s, up_stops=['16'], down_stops=['16']
2026-07-29 13:01:29 [INFO] shabbat_detector.fsm: [C] DetectorState.NORMAL → DetectorState.CANDIDATE_SHABBAT
2026-07-29 13:01:29 [INFO] detector: SHABBAT TRANSITION NORMAL -> CANDIDATE_SHABBAT (masked by override=force_off, source=schedule) | סיבה: מחזור אפשרי החל — ממתין להשלמה
2026-07-29 13:01:29 [INFO] shabbat_detector.fsm: [C] DetectorState.CANDIDATE_SHABBAT → DetectorState.NORMAL
2026-07-29 13:01:29 [INFO] detector: SHABBAT TRANSITION CANDIDATE_SHABBAT -> NORMAL (masked by override=force_off, source=schedule) | סיבה: מחזור לא תאם — עצירות לא חוקיות בעלייה: ['16']; עצירות לא חוקיות בירידה: ['16']; 1 חריגות טיימינג
2026-07-29 13:11:08 [INFO] shabbat_detector.hebcal_gate: Hebcal refreshed: candles=1785514740.0 havdalah=1785605280.0
2026-07-29 13:11:08 [INFO] shabbat_detector.cycle_analyzer: Elevator idle 586s - resetting cycle (was in _Phase.LEG_ONE)
2026-07-29 13:13:38 [INFO] shabbat_detector.cycle_analyzer: Cycle complete: 161s, up_stops=[], down_stops=['26']
2026-07-29 13:13:38 [INFO] shabbat_detector.fsm: [C] DetectorState.NORMAL → DetectorState.CANDIDATE_SHABBAT
2026-07-29 13:13:38 [INFO] detector: SHABBAT TRANSITION NORMAL -> CANDIDATE_SHABBAT (masked by override=force_off, source=schedule) | סיבה: מחזור אפשרי החל — ממתין להשלמה
2026-07-29 13:13:38 [INFO] shabbat_detector.fsm: [C] DetectorState.CANDIDATE_SHABBAT → DetectorState.NORMAL
2026-07-29 13:13:38 [INFO] detector: SHABBAT TRANSITION CANDIDATE_SHABBAT -> NORMAL (masked by override=force_off, source=schedule) | סיבה: מחזור לא תאם — עצירות לא חוקיות בירידה: ['26']; 1 חריגות טיימינג
2026-07-29 13:16:42 [INFO] shabbat_detector.cycle_analyzer: Cycle aborted: returned to TOP without reaching BOTTOM
2026-07-29 13:16:42 [INFO] shabbat_detector.fsm: [C] DetectorState.NORMAL → DetectorState.CANDIDATE_SHABBAT
2026-07-29 13:16:42 [INFO] detector: SHABBAT TRANSITION NORMAL -> CANDIDATE_SHABBAT (masked by override=force_off, source=schedule) | סיבה: מחזור אפשרי החל — ממתין להשלמה
2026-07-29 13:21:07 [INFO] shabbat_detector.hebcal_gate: Hebcal refreshed: candles=1785514740.0 havdalah=1785605280.0
2026-07-29 13:22:43 [WARNING] shabbat_detector.cycle_analyzer: Unexpected: touched opposite terminal again in leg 2
2026-07-29 13:25:44 [WARNING] shabbat_detector.cycle_analyzer: Unexpected: touched opposite terminal again in leg 2
2026-07-29 13:28:21 [INFO] shabbat_detector.cycle_analyzer: Cycle complete: 669s, up_stops=['23', '19', '16', '1'], down_stops=['25']
2026-07-29 13:28:21 [INFO] shabbat_detector.fsm: [C] DetectorState.CANDIDATE_SHABBAT → DetectorState.NORMAL
2026-07-29 13:28:21 [INFO] detector: SHABBAT TRANSITION CANDIDATE_SHABBAT -> NORMAL (masked by override=force_off, source=schedule) | סיבה: מחזור לא תאם — עצירות לא חוקיות בעלייה: ['1', '16', '19', '23']; עצירות לא חוקיות בירידה: ['25']; קפיצות-אחורה (עלייה 3, ירידה 0); 5 חריגות טיימינג
2026-07-29 13:42:09 [INFO] shabbat_detector.hebcal_gate: Hebcal refreshed: candles=1785514740.0 havdalah=1785605280.0
2026-07-29 13:42:09 [INFO] shabbat_detector.cycle_analyzer: Elevator idle 940s - resetting cycle (was in _Phase.LEG_ONE)
2026-07-29 13:46:01 [INFO] shabbat_detector.cycle_analyzer: Cycle complete: 150s, up_stops=[], down_stops=['22']
2026-07-29 13:46:01 [INFO] shabbat_detector.fsm: [C] DetectorState.NORMAL → DetectorState.CANDIDATE_SHABBAT
2026-07-29 13:46:01 [INFO] detector: SHABBAT TRANSITION NORMAL -> CANDIDATE_SHABBAT (masked by override=force_off, source=schedule) | סיבה: מחזור אפשרי החל — ממתין להשלמה
2026-07-29 13:46:01 [INFO] shabbat_detector.fsm: [C] DetectorState.CANDIDATE_SHABBAT → DetectorState.NORMAL
2026-07-29 13:46:01 [INFO] detector: SHABBAT TRANSITION CANDIDATE_SHABBAT -> NORMAL (masked by override=force_off, source=schedule) | סיבה: מחזור לא תאם — עצירות לא חוקיות בירידה: ['22']; 1 חריגות טיימינג
2026-07-29 14:52:22 [INFO] shabbat_detector.hebcal_gate: Hebcal refreshed: candles=1785514740.0 havdalah=1785605280.0
2026-07-29 14:52:22 [INFO] shabbat_detector.cycle_analyzer: Elevator idle 4069s - resetting cycle (was in _Phase.LEG_ONE)
2026-07-29 14:56:01 [INFO] shabbat_detector.cycle_analyzer: Cycle complete: 161s, up_stops=[], down_stops=['16']
2026-07-29 14:56:01 [INFO] shabbat_detector.fsm: [C] DetectorState.NORMAL → DetectorState.CANDIDATE_SHABBAT
2026-07-29 14:56:01 [INFO] detector: SHABBAT TRANSITION NORMAL -> CANDIDATE_SHABBAT (masked by override=force_off, source=schedule) | סיבה: מחזור אפשרי החל — ממתין להשלמה
2026-07-29 14:56:01 [INFO] shabbat_detector.fsm: [C] DetectorState.CANDIDATE_SHABBAT → DetectorState.NORMAL
2026-07-29 14:56:01 [INFO] detector: SHABBAT TRANSITION CANDIDATE_SHABBAT -> NORMAL (masked by override=force_off, source=schedule) | סיבה: מחזור לא תאם — עצירות לא חוקיות בירידה: ['16']; 1 חריגות טיימינג
2026-07-29 15:04:21 [INFO] shabbat_detector.hebcal_gate: Hebcal refreshed: candles=1785514740.0 havdalah=1785605280.0
2026-07-29 15:04:21 [INFO] shabbat_detector.cycle_analyzer: Elevator idle 557s - resetting cycle (was in _Phase.LEG_ONE)
2026-07-29 15:06:25 [INFO] shabbat_detector.cycle_analyzer: Cycle aborted: returned to TOP without reaching BOTTOM
2026-07-29 15:06:25 [INFO] shabbat_detector.fsm: [C] DetectorState.NORMAL → DetectorState.CANDIDATE_SHABBAT
2026-07-29 15:06:25 [INFO] detector: SHABBAT TRANSITION NORMAL -> CANDIDATE_SHABBAT (masked by override=force_off, source=schedule) | סיבה: מחזור אפשרי החל — ממתין להשלמה
2026-07-29 15:10:53 [INFO] shabbat_detector.cycle_analyzer: Cycle complete: 215s, up_stops=[], down_stops=['21']
2026-07-29 15:10:53 [INFO] shabbat_detector.fsm: [C] DetectorState.CANDIDATE_SHABBAT → DetectorState.NORMAL
2026-07-29 15:10:53 [INFO] detector: SHABBAT TRANSITION CANDIDATE_SHABBAT -> NORMAL (masked by override=force_off, source=schedule) | סיבה: מחזור לא תאם — עצירות לא חוקיות בירידה: ['21']; 1 חריגות טיימינג
2026-07-29 15:14:30 [INFO] shabbat_detector.cycle_analyzer: Cycle complete: 221s, up_stops=[], down_stops=['14']
2026-07-29 15:14:30 [INFO] shabbat_detector.fsm: [C] DetectorState.NORMAL → DetectorState.CANDIDATE_SHABBAT
2026-07-29 15:14:30 [INFO] detector: SHABBAT TRANSITION NORMAL -> CANDIDATE_SHABBAT (masked by override=force_off, source=schedule) | סיבה: מחזור אפשרי החל — ממתין להשלמה
2026-07-29 15:14:30 [INFO] shabbat_detector.fsm: [C] DetectorState.CANDIDATE_SHABBAT → DetectorState.NORMAL
2026-07-29 15:14:30 [INFO] detector: SHABBAT TRANSITION CANDIDATE_SHABBAT -> NORMAL (masked by override=force_off, source=schedule) | סיבה: מחזור לא תאם — עצירות לא חוקיות בירידה: ['14']; 1 חריגות טיימינג
2026-07-29 15:18:29 [INFO] shabbat_detector.hebcal_gate: Hebcal refreshed: candles=1785514740.0 havdalah=1785605280.0
2026-07-29 15:23:28 [INFO] shabbat_detector.cycle_analyzer: Cycle complete: 567s, up_stops=['7'], down_stops=['23']
2026-07-29 15:23:28 [INFO] shabbat_detector.fsm: [C] DetectorState.NORMAL → DetectorState.CANDIDATE_SHABBAT
2026-07-29 15:23:28 [INFO] detector: SHABBAT TRANSITION NORMAL -> CANDIDATE_SHABBAT (masked by override=force_off, source=schedule) | סיבה: מחזור אפשרי החל — ממתין להשלמה
2026-07-29 15:23:28 [INFO] shabbat_detector.fsm: [C] DetectorState.CANDIDATE_SHABBAT → DetectorState.NORMAL
2026-07-29 15:23:28 [INFO] detector: SHABBAT TRANSITION CANDIDATE_SHABBAT -> NORMAL (masked by override=force_off, source=schedule) | סיבה: מחזור לא תאם — עצירות לא חוקיות בעלייה: ['7']; עצירות לא חוקיות בירידה: ['23']; 2 חריגות טיימינג
2026-07-29 15:37:38 [INFO] shabbat_detector.hebcal_gate: Hebcal refreshed: candles=1785514740.0 havdalah=1785605280.0
2026-07-29 15:37:38 [INFO] shabbat_detector.cycle_analyzer: Elevator idle 874s - resetting cycle (was in _Phase.LEG_ONE)
